0
7
14
19
21
26
28
33
35
38
40
42
45
47
49
52
54
56
57
59
61
63
64
66
68
70
71
73
75
76
77
78
80
82
83
84
85
87
89
90
