0
5
7
10
12
14
15
17
19
20
21
22
24
25
26
27
28
29
30
31
